[19:05:59] ============================================================
[19:05:59]   Extreme Channel-Slimmed UNet Variants
[19:05:59]   Device: mps
[19:05:59] ============================================================
[19:05:59] Loading teacher...
[19:06:00]   Teacher: 328,177,284 params
[19:06:00] Loading text encoder...
[19:06:01] 
============================================================
[19:06:01]   slim_40: channels=[128, 256, 512]
[19:06:01] ============================================================
[19:06:01]   Params: 56,338,692 (82.8% reduction)
[19:06:01]   Init: 358 tensors, 0 skipped
[19:06:02]   Forward: torch.Size([1, 4, 64, 64])
[19:06:02]   Fine-tuning 1000 steps, lr=0.0004...
[19:06:44]     Step 200/1000: loss=0.039248 (4.8 s/s, ETA 168s)
[19:07:25]     Step 400/1000: loss=0.001650 (4.8 s/s, ETA 125s)
[19:08:06]     Step 600/1000: loss=0.001265 (4.8 s/s, ETA 83s)
[19:08:46]     Step 800/1000: loss=0.001062 (4.9 s/s, ETA 41s)
[19:09:27]     Step 1000/1000: loss=0.000929 (4.9 s/s, ETA 0s)
[19:09:27]   Done: loss=0.000882, 204.8s
[19:09:27]   Converting slim_40 to CoreML...
[19:09:34]   Saved: /Users/yoichiochiai/autostream-mac/coreml_models/unet_sdxs_512_slim_40.mlpackage (107.8 MB)
[19:09:34]   Benchmarking slim_40...
[19:09:45]   → 18.2ms / 54.8 FPS | quality=PASS
[19:09:45] 
============================================================
[19:09:45]   slim_20: channels=[64, 128, 256]
[19:09:45] ============================================================
[19:09:45]   Params: 15,680,644 (95.2% reduction)
[19:09:45]   Init: 358 tensors, 0 skipped
[19:09:46]   Forward: torch.Size([1, 4, 64, 64])
[19:09:46]   Fine-tuning 2000 steps, lr=0.0005...
[19:10:27]     Step 200/2000: loss=0.116218 (4.9 s/s, ETA 370s)
[19:11:06]     Step 400/2000: loss=0.002663 (5.0 s/s, ETA 322s)
[19:11:46]     Step 600/2000: loss=0.001794 (5.0 s/s, ETA 280s)
[19:12:25]     Step 800/2000: loss=0.001501 (5.0 s/s, ETA 239s)
[19:13:05]     Step 1000/2000: loss=0.001324 (5.0 s/s, ETA 199s)
[19:13:44]     Step 1200/2000: loss=0.001196 (5.0 s/s, ETA 159s)
[19:14:24]     Step 1400/2000: loss=0.001100 (5.0 s/s, ETA 119s)
[19:15:03]     Step 1600/2000: loss=0.001001 (5.0 s/s, ETA 79s)
[19:15:44]     Step 1800/2000: loss=0.000927 (5.0 s/s, ETA 40s)
[19:16:23]     Step 2000/2000: loss=0.000892 (5.0 s/s, ETA 0s)
[19:16:23]   Done: loss=0.000880, 397.7s
[19:16:24]   Converting slim_20 to CoreML...
[19:16:30]   Saved: /Users/yoichiochiai/autostream-mac/coreml_models/unet_sdxs_512_slim_20.mlpackage (30.3 MB)
[19:16:30]   Benchmarking slim_20...
[19:16:41]   → 18.8ms / 53.2 FPS | quality=PASS
[19:16:41] 
============================================================
[19:16:41]   slim_15: channels=[64, 96, 192]
[19:16:41] ============================================================
[19:16:41]   Params: 10,008,164 (97.0% reduction)
[19:16:41]   Init: 358 tensors, 0 skipped
[19:16:42]   Forward: torch.Size([1, 4, 64, 64])
[19:16:42]   Fine-tuning 3000 steps, lr=0.0008...
[19:17:24]     Step 200/3000: loss=0.078328 (4.7 s/s, ETA 590s)
[19:18:04]     Step 400/3000: loss=0.002042 (4.9 s/s, ETA 532s)
[19:18:45]     Step 600/3000: loss=0.001617 (4.9 s/s, ETA 492s)
[19:19:27]     Step 800/3000: loss=0.001408 (4.8 s/s, ETA 454s)
[19:20:07]     Step 1000/3000: loss=0.001241 (4.9 s/s, ETA 410s)
[19:20:47]     Step 1200/3000: loss=0.001153 (4.9 s/s, ETA 367s)
[19:21:28]     Step 1400/3000: loss=0.001101 (4.9 s/s, ETA 327s)
[19:22:08]     Step 1600/3000: loss=0.000986 (4.9 s/s, ETA 286s)
[19:22:49]     Step 1800/3000: loss=0.000970 (4.9 s/s, ETA 245s)
[19:23:29]     Step 2000/3000: loss=0.000884 (4.9 s/s, ETA 204s)
[19:24:09]     Step 2200/3000: loss=0.000869 (4.9 s/s, ETA 163s)
[19:24:49]     Step 2400/3000: loss=0.000831 (4.9 s/s, ETA 122s)
[19:25:30]     Step 2600/3000: loss=0.000797 (4.9 s/s, ETA 81s)
[19:26:11]     Step 2800/3000: loss=0.000777 (4.9 s/s, ETA 41s)
[19:26:51]     Step 3000/3000: loss=0.000725 (4.9 s/s, ETA 0s)
[19:26:51]   Done: loss=0.000700, 609.3s
[19:26:51]   Converting slim_15 to CoreML...
[19:26:58]   Saved: /Users/yoichiochiai/autostream-mac/coreml_models/unet_sdxs_512_slim_15.mlpackage (19.5 MB)
[19:26:58]   Benchmarking slim_15...
[19:27:09]   → 18.2ms / 54.9 FPS | quality=PASS
[19:27:09] 
============================================================
[19:27:09]   slim_10: channels=[32, 64, 128]
[19:27:09] ============================================================
[19:27:09]   Params: 4,718,148 (98.6% reduction)
[19:27:09]   Init: 358 tensors, 0 skipped
[19:27:10]   Forward: torch.Size([1, 4, 64, 64])
[19:27:10]   Fine-tuning 4000 steps, lr=0.001...
[19:27:51]     Step 200/4000: loss=0.174518 (4.9 s/s, ETA 782s)
[19:28:31]     Step 400/4000: loss=0.003815 (4.9 s/s, ETA 730s)
[19:29:13]     Step 600/4000: loss=0.002392 (4.9 s/s, ETA 695s)
[19:29:53]     Step 800/4000: loss=0.001990 (4.9 s/s, ETA 654s)
[19:30:33]     Step 1000/4000: loss=0.001735 (4.9 s/s, ETA 610s)
[19:31:14]     Step 1200/4000: loss=0.001566 (4.9 s/s, ETA 569s)
[19:31:54]     Step 1400/4000: loss=0.001433 (4.9 s/s, ETA 529s)
[19:32:35]     Step 1600/4000: loss=0.001310 (4.9 s/s, ETA 488s)
[19:33:15]     Step 1800/4000: loss=0.001288 (4.9 s/s, ETA 446s)
[19:33:55]     Step 2000/4000: loss=0.001219 (4.9 s/s, ETA 405s)
[19:34:34]     Step 2200/4000: loss=0.001187 (5.0 s/s, ETA 364s)
[19:35:14]     Step 2400/4000: loss=0.001156 (5.0 s/s, ETA 323s)
[19:35:55]     Step 2600/4000: loss=0.001084 (5.0 s/s, ETA 283s)
[19:36:35]     Step 2800/4000: loss=0.001023 (5.0 s/s, ETA 242s)
[19:37:14]     Step 3000/4000: loss=0.000977 (5.0 s/s, ETA 202s)
[19:37:54]     Step 3200/4000: loss=0.000990 (5.0 s/s, ETA 161s)
[19:38:34]     Step 3400/4000: loss=0.000955 (5.0 s/s, ETA 121s)
[19:39:14]     Step 3600/4000: loss=0.000930 (5.0 s/s, ETA 80s)
[19:39:54]     Step 3800/4000: loss=0.000906 (5.0 s/s, ETA 40s)
[19:40:36]     Step 4000/4000: loss=0.000883 (5.0 s/s, ETA 0s)
[19:40:36]   Done: loss=0.000869, 806.1s
[19:40:36]   Converting slim_10 to CoreML...
[19:40:42]   Saved: /Users/yoichiochiai/autostream-mac/coreml_models/unet_sdxs_512_slim_10.mlpackage (9.4 MB)
[19:40:42]   Benchmarking slim_10...
[19:40:53]   → 16.3ms / 61.2 FPS | quality=PASS
[19:40:53] 
============================================================
[19:40:53]   slim_asym: channels=[128, 192, 256]
[19:40:53] ============================================================
[19:40:53]   Params: 22,792,132 (93.1% reduction)
[19:40:53]   Init: 358 tensors, 0 skipped
[19:40:53]   Forward: torch.Size([1, 4, 64, 64])
[19:40:53]   Fine-tuning 1500 steps, lr=0.0004...
[19:41:34]     Step 200/1500: loss=0.037679 (4.9 s/s, ETA 267s)
[19:42:16]     Step 400/1500: loss=0.001614 (4.8 s/s, ETA 228s)
[19:42:57]     Step 600/1500: loss=0.001318 (4.8 s/s, ETA 186s)
[19:43:38]     Step 800/1500: loss=0.001131 (4.9 s/s, ETA 144s)
[19:44:18]     Step 1000/1500: loss=0.001015 (4.9 s/s, ETA 103s)
[19:44:59]     Step 1200/1500: loss=0.000933 (4.9 s/s, ETA 61s)
[19:45:40]     Step 1400/1500: loss=0.000803 (4.9 s/s, ETA 20s)
[19:46:00]   Done: loss=0.000812, 307.1s
[19:46:00]   Converting slim_asym to CoreML...
[19:46:07]   Saved: /Users/yoichiochiai/autostream-mac/coreml_models/unet_sdxs_512_slim_asym.mlpackage (43.8 MB)
[19:46:07]   Benchmarking slim_asym...
[19:46:17]   → 16.3ms / 61.2 FPS | quality=PASS
[19:46:17] 
============================================================
[19:46:17]   slim_wide: channels=[192, 256, 384]
[19:46:17] ============================================================
[19:46:18]   Params: 44,988,420 (86.3% reduction)
[19:46:18]   Init: 358 tensors, 0 skipped
[19:46:18]   Forward: torch.Size([1, 4, 64, 64])
[19:46:18]   Fine-tuning 800 steps, lr=0.0003...
[19:47:01]     Step 200/800: loss=0.025537 (4.7 s/s, ETA 128s)
[19:47:42]     Step 400/800: loss=0.001470 (4.8 s/s, ETA 84s)
[19:48:23]     Step 600/800: loss=0.001138 (4.8 s/s, ETA 42s)
[19:49:04]     Step 800/800: loss=0.000959 (4.8 s/s, ETA 0s)
[19:49:04]   Done: loss=0.000952, 165.8s
[19:49:04]   Converting slim_wide to CoreML...
[19:49:11]   Saved: /Users/yoichiochiai/autostream-mac/coreml_models/unet_sdxs_512_slim_wide.mlpackage (86.2 MB)
[19:49:11]   Benchmarking slim_wide...
[19:49:22]   → 16.3ms / 61.2 FPS | quality=PASS
[19:49:22] 
============================================================
[19:49:22]   EXTREME RESULTS
[19:49:22] ============================================================
[19:49:22]   Name         Channels           Params       MB      ms       FPS     Q
[19:49:22]   ----------------------------------------------------------------------------
[19:49:22]   slim_30      [96,192,384]        32,887,492   63.1    18.2   54.8 PASS
[19:49:22]   slim_40      [128, 256, 512]     56,338,692  107.8    18.2   54.8 PASS
[19:49:22]   slim_20      [64, 128, 256]      15,680,644   30.3    18.8   53.2 PASS
[19:49:22]   slim_15      [64, 96, 192]       10,008,164   19.5    18.2   54.9 PASS
[19:49:22]   slim_10      [32, 64, 128]        4,718,148    9.4    16.3   61.2 PASS
[19:49:22]   slim_asym    [128, 192, 256]     22,792,132   43.8    16.3   61.2 PASS
[19:49:22]   slim_wide    [192, 256, 384]     44,988,420   86.2    16.3   61.2 PASS
[19:49:22] 
Done.
